  Determining projects to restore...
  All projects are up-to-date for restore.
  BioWare.NET -> G:\GitHub\Andastra\src\BioWare.NET\bin\Debug\net9.0\BioWare.NET.dll
  KotorDiff -> G:\GitHub\Andastra\src\Tools\KotorDiff\bin\Debug\net9.0\KotorDiff.dll
  NSSComp -> G:\GitHub\Andastra\src\Tools\NSSComp\bin\Debug\net9.0\nsscomp.dll
  MonoGame Content Builder tool (dotnet-mgcb) not available or disabled. Setting SkipMonoGameContentPipeline=true. Install with: dotnet tool install -g dotnet-mgcb
C:\Users\boden\.nuget\packages\monogame.content.builder.task\3.8.4.1\build\MonoGame.Content.Builder.Task.targets(113,5): warning : No Content References Found. Please make sure your .mgcb file has a build action of MonoGameContentReference [G:\GitHub\Andastra\src\Andastra\Graphics\Andastra.Graphics.csproj]
  Andastra.UI -> G:\GitHub\Andastra\src\Andastra\UI\bin\Debug\net9.0\Andastra.UI.dll
  Assembly [Andastra.Graphics, Version=0.0.0.0, Culture=neutral, PublicKeyToken=null] has already been processed, skip it.
  Andastra.Graphics -> G:\GitHub\Andastra\src\Andastra\Graphics\bin\Debug\net9.0\Andastra.Graphics.dll
  Assembly [Andastra, Version=0.0.0.0, Culture=neutral, PublicKeyToken=null] has already been processed, skip it.
  Andastra -> G:\GitHub\Andastra\src\Andastra\bin\Debug\net9.0\Andastra.dll
G:\GitHub\Andastra\scripts\GenerateScriptDefs\Program.cs(583,29): error CS0246: The type or namespace name 'Game' could not be found (are you missing a using directive or an assembly reference?) [G:\GitHub\Andastra\scripts\GenerateScriptDefs\GenerateScriptDefs.csproj::TargetFramework=net9.0]
G:\GitHub\Andastra\src\Tools\HoloPatcher.UI\Core.cs(11,19): error CS0234: The type or namespace name 'Config' does not exist in the namespace 'BioWare.NET' (are you missing an assembly reference?) [G:\GitHub\Andastra\src\Tools\HoloPatcher.UI\HoloPatcher.UI.csproj]
G:\GitHub\Andastra\src\Tools\HoloPatcher.UI\Core.cs(12,19): error CS0234: The type or namespace name 'Installation' does not exist in the namespace 'BioWare.NET' (are you missing an assembly reference?) [G:\GitHub\Andastra\src\Tools\HoloPatcher.UI\HoloPatcher.UI.csproj]
G:\GitHub\Andastra\src\Tools\HoloPatcher.UI\Core.cs(14,19): error CS0234: The type or namespace name 'Namespaces' does not exist in the namespace 'BioWare.NET' (are you missing an assembly reference?) [G:\GitHub\Andastra\src\Tools\HoloPatcher.UI\HoloPatcher.UI.csproj]
G:\GitHub\Andastra\src\Tools\HoloPatcher.UI\Core.cs(16,19): error CS0234: The type or namespace name 'Reader' does not exist in the namespace 'BioWare.NET' (are you missing an assembly reference?) [G:\GitHub\Andastra\src\Tools\HoloPatcher.UI\HoloPatcher.UI.csproj]
G:\GitHub\Andastra\src\Tools\HoloPatcher.UI\ViewModels\MainWindowViewModel.cs(17,19): error CS0234: The type or namespace name 'Config' does not exist in the namespace 'BioWare.NET' (are you missing an assembly reference?) [G:\GitHub\Andastra\src\Tools\HoloPatcher.UI\HoloPatcher.UI.csproj]
G:\GitHub\Andastra\src\Tools\HoloPatcher.UI\ViewModels\MainWindowViewModel.cs(18,19): error CS0234: The type or namespace name 'Installation' does not exist in the namespace 'BioWare.NET' (are you missing an assembly reference?) [G:\GitHub\Andastra\src\Tools\HoloPatcher.UI\HoloPatcher.UI.csproj]
G:\GitHub\Andastra\src\Tools\HoloPatcher.UI\ViewModels\MainWindowViewModel.cs(20,19): error CS0234: The type or namespace name 'Namespaces' does not exist in the namespace 'BioWare.NET' (are you missing an assembly reference?) [G:\GitHub\Andastra\src\Tools\HoloPatcher.UI\HoloPatcher.UI.csproj]
G:\GitHub\Andastra\src\Tools\HoloPatcher.UI\ViewModels\MainWindowViewModel.cs(22,19): error CS0234: The type or namespace name 'Reader' does not exist in the namespace 'BioWare.NET' (are you missing an assembly reference?) [G:\GitHub\Andastra\src\Tools\HoloPatcher.UI\HoloPatcher.UI.csproj]
G:\GitHub\Andastra\src\Tools\HoloPatcher.UI\Core.cs(189,18): error CS0246: The type or namespace name 'PatcherNamespace' could not be found (are you missing a using directive or an assembly reference?) [G:\GitHub\Andastra\src\Tools\HoloPatcher.UI\HoloPatcher.UI.csproj]
G:\GitHub\Andastra\src\Tools\HoloPatcher.UI\Core.cs(191,25): error CS0246: The type or namespace name 'ConfigReader' could not be found (are you missing a using directive or an assembly reference?) [G:\GitHub\Andastra\src\Tools\HoloPatcher.UI\HoloPatcher.UI.csproj]
G:\GitHub\Andastra\src\Tools\HoloPatcher.UI\Core.cs(294,59): error CS0246: The type or namespace name 'PatcherNamespace' could not be found (are you missing a using directive or an assembly reference?) [G:\GitHub\Andastra\src\Tools\HoloPatcher.UI\HoloPatcher.UI.csproj]
G:\GitHub\Andastra\src\Tools\HoloPatcher.UI\ViewModels\MainWindowViewModel.cs(1393,16): error CS0246: The type or namespace name 'LogType' could not be found (are you missing a using directive or an assembly reference?) [G:\GitHub\Andastra\src\Tools\HoloPatcher.UI\HoloPatcher.UI.csproj]
G:\GitHub\Andastra\src\Tools\HoloPatcher.UI\ViewModels\MainWindowViewModel.cs(286,60): error CS0246: The type or namespace name 'PatchLog' could not be found (are you missing a using directive or an assembly reference?) [G:\GitHub\Andastra\src\Tools\HoloPatcher.UI\HoloPatcher.UI.csproj]
G:\GitHub\Andastra\src\Tools\HoloPatcher.UI\ViewModels\MainWindowViewModel.cs(291,36): error CS0246: The type or namespace name 'PatchLog' could not be found (are you missing a using directive or an assembly reference?) [G:\GitHub\Andastra\src\Tools\HoloPatcher.UI\HoloPatcher.UI.csproj]
G:\GitHub\Andastra\src\Tools\HoloPatcher.UI\ViewModels\MainWindowViewModel.cs(1396,50): error CS0246: The type or namespace name 'LogType' could not be found (are you missing a using directive or an assembly reference?) [G:\GitHub\Andastra\src\Tools\HoloPatcher.UI\HoloPatcher.UI.csproj]
G:\GitHub\Andastra\src\Tools\HoloPatcher.UI\Core.cs(334,18): error CS0246: The type or namespace name 'PatcherNamespace' could not be found (are you missing a using directive or an assembly reference?) [G:\GitHub\Andastra\src\Tools\HoloPatcher.UI\HoloPatcher.UI.csproj]
G:\GitHub\Andastra\src\Tools\HoloPatcher.UI\Core.cs(336,13): error CS0246: The type or namespace name 'PatchLogger' could not be found (are you missing a using directive or an assembly reference?) [G:\GitHub\Andastra\src\Tools\HoloPatcher.UI\HoloPatcher.UI.csproj]
G:\GitHub\Andastra\src\Tools\HoloPatcher.UI\Core.cs(384,18): error CS0246: The type or namespace name 'PatcherNamespace' could not be found (are you missing a using directive or an assembly reference?) [G:\GitHub\Andastra\src\Tools\HoloPatcher.UI\HoloPatcher.UI.csproj]
G:\GitHub\Andastra\src\Tools\HoloPatcher.UI\Core.cs(386,13): error CS0246: The type or namespace name 'PatchLogger' could not be found (are you missing a using directive or an assembly reference?) [G:\GitHub\Andastra\src\Tools\HoloPatcher.UI\HoloPatcher.UI.csproj]
G:\GitHub\Andastra\src\Tools\HoloPatcher.UI\Core.cs(408,13): error CS0246: The type or namespace name 'PatchLogger' could not be found (are you missing a using directive or an assembly reference?) [G:\GitHub\Andastra\src\Tools\HoloPatcher.UI\HoloPatcher.UI.csproj]
G:\GitHub\Andastra\src\Tools\HoloPatcher.UI\ViewModels\MainWindowViewModel.cs(326,44): error CS0246: The type or namespace name 'LogLevel' could not be found (are you missing a using directive or an assembly reference?) [G:\GitHub\Andastra\src\Tools\HoloPatcher.UI\HoloPatcher.UI.csproj]
G:\GitHub\Andastra\src\Tools\HoloPatcher.UI\ViewModels\MainWindowViewModel.cs(326,17): error CS0246: The type or namespace name 'LogType' could not be found (are you missing a using directive or an assembly reference?) [G:\GitHub\Andastra\src\Tools\HoloPatcher.UI\HoloPatcher.UI.csproj]
G:\GitHub\Andastra\src\Tools\HoloPatcher.UI\Core.cs(465,35): error CS0246: The type or namespace name 'BiowareGame' could not be found (are you missing a using directive or an assembly reference?) [G:\GitHub\Andastra\src\Tools\HoloPatcher.UI\HoloPatcher.UI.csproj]
G:\GitHub\Andastra\src\Tools\HoloPatcher.UI\ViewModels\MainWindowViewModel.cs(350,49): error CS0246: The type or namespace name 'LogType' could not be found (are you missing a using directive or an assembly reference?) [G:\GitHub\Andastra\src\Tools\HoloPatcher.UI\HoloPatcher.UI.csproj]
G:\GitHub\Andastra\src\Tools\HoloPatcher.UI\Core.cs(502,35): error CS0246: The type or namespace name 'BiowareGame' could not be found (are you missing a using directive or an assembly reference?) [G:\GitHub\Andastra\src\Tools\HoloPatcher.UI\HoloPatcher.UI.csproj]
G:\GitHub\Andastra\src\Tools\HoloPatcher.UI\ViewModels\MainWindowViewModel.cs(368,17): error CS0246: The type or namespace name 'LogType' could not be found (are you missing a using directive or an assembly reference?) [G:\GitHub\Andastra\src\Tools\HoloPatcher.UI\HoloPatcher.UI.csproj]
G:\GitHub\Andastra\src\Tools\HoloPatcher.UI\Core.cs(621,62): error CS0246: The type or namespace name 'BiowareGame' could not be found (are you missing a using directive or an assembly reference?) [G:\GitHub\Andastra\src\Tools\HoloPatcher.UI\HoloPatcher.UI.csproj]
G:\GitHub\Andastra\src\Tools\HoloPatcher.UI\Core.cs(95,25): error CS0246: The type or namespace name 'PatcherNamespace' could not be found (are you missing a using directive or an assembly reference?) [G:\GitHub\Andastra\src\Tools\HoloPatcher.UI\HoloPatcher.UI.csproj]
G:\GitHub\Andastra\src\Tools\HoloPatcher.UI\Core.cs(96,20): error CS0246: The type or namespace name 'ConfigReader' could not be found (are you missing a using directive or an assembly reference?) [G:\GitHub\Andastra\src\Tools\HoloPatcher.UI\HoloPatcher.UI.csproj]
G:\GitHub\Andastra\src\Tools\HoloPatcher.UI\ViewModels\MainWindowViewModel.cs(39,26): error CS0246: The type or namespace name 'PatchLogger' could not be found (are you missing a using directive or an assembly reference?) [G:\GitHub\Andastra\src\Tools\HoloPatcher.UI\HoloPatcher.UI.csproj]
G:\GitHub\Andastra\src\Tools\HoloPatcher.UI\Core.cs(104,20): error CS0246: The type or namespace name 'ConfigReader' could not be found (are you missing a using directive or an assembly reference?) [G:\GitHub\Andastra\src\Tools\HoloPatcher.UI\HoloPatcher.UI.csproj]
G:\GitHub\Andastra\src\Tools\HoloPatcher.UI\Core.cs(105,20): error CS0246: The type or namespace name 'LogLevel' could not be found (are you missing a using directive or an assembly reference?) [G:\GitHub\Andastra\src\Tools\HoloPatcher.UI\HoloPatcher.UI.csproj]
G:\GitHub\Andastra\src\Tools\HoloPatcher.UI\ViewModels\MainWindowViewModel.cs(221,22): error CS0246: The type or namespace name 'PatcherNamespace' could not be found (are you missing a using directive or an assembly reference?) [G:\GitHub\Andastra\src\Tools\HoloPatcher.UI\HoloPatcher.UI.csproj]
G:\GitHub\Andastra\src\Tools\HoloPatcher.UI\ViewModels\MainWindowViewModel.cs(225,17): error CS0246: The type or namespace name 'ConfigReader' could not be found (are you missing a using directive or an assembly reference?) [G:\GitHub\Andastra\src\Tools\HoloPatcher.UI\HoloPatcher.UI.csproj]
G:\GitHub\Andastra\src\Tools\HoloPatcher.UI\ViewModels\MainWindowViewModel.cs(226,17): error CS0246: The type or namespace name 'LogLevel' could not be found (are you missing a using directive or an assembly reference?) [G:\GitHub\Andastra\src\Tools\HoloPatcher.UI\HoloPatcher.UI.csproj]
G:\GitHub\Andastra\src\Tools\HoloPatcher.UI\ViewModels\MainWindowViewModel.cs(350,67): error CS0103: The name 'LogType' does not exist in the current context [G:\GitHub\Andastra\src\Tools\HoloPatcher.UI\HoloPatcher.UI.csproj]
G:\GitHub\Andastra\src\Tools\HolocronToolset\Data\GITSettings.cs(6,39): error CS0234: The type or namespace name 'ParsingColor' does not exist in the namespace 'BioWare.NET.Common' (are you missing an assembly reference?) [G:\GitHub\Andastra\src\Tools\HolocronToolset\HolocronToolset.csproj]
G:\GitHub\Andastra\src\Tools\HolocronToolset\Data\HTInstallation.cs(19,36): error CS0234: The type or namespace name 'Installation' does not exist in the namespace 'BioWare.NET' (are you missing an assembly reference?) [G:\GitHub\Andastra\src\Tools\HolocronToolset\HolocronToolset.csproj]
G:\GitHub\Andastra\src\Tools\HolocronToolset\Data\HTInstallation.cs(11,19): error CS0234: The type or namespace name 'Installation' does not exist in the namespace 'BioWare.NET' (are you missing an assembly reference?) [G:\GitHub\Andastra\src\Tools\HolocronToolset\HolocronToolset.csproj]
G:\GitHub\Andastra\src\Tools\HolocronToolset\Data\HTInstallation.cs(12,7): warning CS0105: The using directive for 'BioWare.NET.Common' appeared previously in this namespace [G:\GitHub\Andastra\src\Tools\HolocronToolset\HolocronToolset.csproj]
G:\GitHub\Andastra\src\Tools\HolocronToolset\Data\IndoorKit.cs(9,7): warning CS0105: The using directive for 'BioWare.NET.Common' appeared previously in this namespace [G:\GitHub\Andastra\src\Tools\HolocronToolset\HolocronToolset.csproj]
G:\GitHub\Andastra\src\Tools\HolocronToolset\Data\IndoorMap.cs(10,7): warning CS0105: The using directive for 'BioWare.NET.Common' appeared previously in this namespace [G:\GitHub\Andastra\src\Tools\HolocronToolset\HolocronToolset.csproj]
G:\GitHub\Andastra\src\Tools\HolocronToolset\Data\IndoorMap.cs(24,19): error CS0234: The type or namespace name 'Installation' does not exist in the namespace 'BioWare.NET' (are you missing an assembly reference?) [G:\GitHub\Andastra\src\Tools\HolocronToolset\HolocronToolset.csproj]
G:\GitHub\Andastra\src\Tools\HolocronToolset\Data\ModuleDesignerSettings.cs(5,39): error CS0234: The type or namespace name 'ParsingColor' does not exist in the namespace 'BioWare.NET.Common' (are you missing an assembly reference?) [G:\GitHub\Andastra\src\Tools\HolocronToolset\HolocronToolset.csproj]
G:\GitHub\Andastra\src\Tools\HolocronToolset\Dialogs\CloneModuleDialog.axaml.cs(8,19): error CS0234: The type or namespace name 'Installation' does not exist in the namespace 'BioWare.NET' (are you missing an assembly reference?) [G:\GitHub\Andastra\src\Tools\HolocronToolset\HolocronToolset.csproj]
G:\GitHub\Andastra\src\Tools\HolocronToolset\Dialogs\InsertInstanceDialog.cs(8,7): warning CS0105: The using directive for 'BioWare.NET.Common' appeared previously in this namespace [G:\GitHub\Andastra\src\Tools\HolocronToolset\HolocronToolset.csproj]
G:\GitHub\Andastra\src\Tools\HolocronToolset\Dialogs\InventoryDialog.cs(13,36): error CS0234: The type or namespace name 'Capsule' does not exist in the namespace 'BioWare.NET.Resource.Formats' (are you missing an assembly reference?) [G:\GitHub\Andastra\src\Tools\HolocronToolset\HolocronToolset.csproj]
G:\GitHub\Andastra\src\Tools\HolocronToolset\Dialogs\InventoryDialog.cs(17,7): warning CS0105: The using directive for 'BioWare.NET.Common' appeared previously in this namespace [G:\GitHub\Andastra\src\Tools\HolocronToolset\HolocronToolset.csproj]
G:\GitHub\Andastra\src\Tools\HolocronToolset\Dialogs\LoadFromModuleDialog.axaml.cs(8,36): error CS0234: The type or namespace name 'Capsule' does not exist in the namespace 'BioWare.NET.Resource.Formats' (are you missing an assembly reference?) [G:\GitHub\Andastra\src\Tools\HolocronToolset\HolocronToolset.csproj]
G:\GitHub\Andastra\src\Tools\HolocronToolset\Dialogs\LocalizedStringDialog.axaml.cs(9,7): warning CS0105: The using directive for 'BioWare.NET.Common' appeared previously in this namespace [G:\GitHub\Andastra\src\Tools\HolocronToolset\HolocronToolset.csproj]
G:\GitHub\Andastra\src\Tools\HolocronToolset\Editors\AREEditor.cs(14,7): warning CS0105: The using directive for 'BioWare.NET.Common' appeared previously in this namespace [G:\GitHub\Andastra\src\Tools\HolocronToolset\HolocronToolset.csproj]
G:\GitHub\Andastra\src\Tools\HolocronToolset\Editors\BWMEditor.cs(5,7): warning CS0105: The using directive for 'BioWare.NET.Common' appeared previously in this namespace [G:\GitHub\Andastra\src\Tools\HolocronToolset\HolocronToolset.csproj]
G:\GitHub\Andastra\src\Tools\HolocronToolset\Editors\DLG\DLGEditor.cs(16,19): error CS0234: The type or namespace name 'Installation' does not exist in the namespace 'BioWare.NET' (are you missing an assembly reference?) [G:\GitHub\Andastra\src\Tools\HolocronToolset\HolocronToolset.csproj]
G:\GitHub\Andastra\src\Tools\HolocronToolset\Editors\DLG\DLGEditor.cs(18,7): warning CS0105: The using directive for 'BioWare.NET.Common' appeared previously in this namespace [G:\GitHub\Andastra\src\Tools\HolocronToolset\HolocronToolset.csproj]
G:\GitHub\Andastra\src\Tools\HolocronToolset\Editors\DLG\DLGStandardItem.cs(15,7): warning CS0105: The using directive for 'System.Windows.Threading' appeared previously in this namespace [G:\GitHub\Andastra\src\Tools\HolocronToolset\HolocronToolset.csproj]
G:\GitHub\Andastra\src\Tools\HolocronToolset\Editors\DLG\DLGStandardItem.cs(16,7): warning CS0105: The using directive for 'System.Windows.Controls' appeared previously in this namespace [G:\GitHub\Andastra\src\Tools\HolocronToolset\HolocronToolset.csproj]
G:\GitHub\Andastra\src\Tools\HolocronToolset\Editors\DLG\DLGStandardItem.cs(17,7): warning CS0105: The using directive for 'System.Windows.Data' appeared previously in this namespace [G:\GitHub\Andastra\src\Tools\HolocronToolset\HolocronToolset.csproj]
G:\GitHub\Andastra\src\Tools\HolocronToolset\Editors\DLG\DLGStandardItem.cs(18,7): warning CS0105: The using directive for 'System.Windows.Documents' appeared previously in this namespace [G:\GitHub\Andastra\src\Tools\HolocronToolset\HolocronToolset.csproj]
G:\GitHub\Andastra\src\Tools\HolocronToolset\Editors\DLG\DLGStandardItem.cs(19,7): warning CS0105: The using directive for 'System.Windows.Input' appeared previously in this namespace [G:\GitHub\Andastra\src\Tools\HolocronToolset\HolocronToolset.csproj]
G:\GitHub\Andastra\src\Tools\HolocronToolset\Editors\DLG\DLGStandardItem.cs(20,7): warning CS0105: The using directive for 'System.Windows.Media' appeared previously in this namespace [G:\GitHub\Andastra\src\Tools\HolocronToolset\HolocronToolset.csproj]
G:\GitHub\Andastra\src\Tools\HolocronToolset\Editors\DLG\DLGStandardItem.cs(21,7): warning CS0105: The using directive for 'System.Windows.Media.Imaging' appeared previously in this namespace [G:\GitHub\Andastra\src\Tools\HolocronToolset\HolocronToolset.csproj]
G:\GitHub\Andastra\src\Tools\HolocronToolset\Editors\DLG\DLGStandardItem.cs(22,7): warning CS0105: The using directive for 'System.Windows.Navigation' appeared previously in this namespace [G:\GitHub\Andastra\src\Tools\HolocronToolset\HolocronToolset.csproj]
G:\GitHub\Andastra\src\Tools\HolocronToolset\Editors\DLG\DLGStandardItem.cs(23,7): warning CS0105: The using directive for 'System.Windows.Shapes' appeared previously in this namespace [G:\GitHub\Andastra\src\Tools\HolocronToolset\HolocronToolset.csproj]
G:\GitHub\Andastra\src\Tools\HolocronToolset\Editors\DLG\DLGStandardItem.cs(24,7): warning CS0105: The using directive for 'System.Windows.Threading' appeared previously in this namespace [G:\GitHub\Andastra\src\Tools\HolocronToolset\HolocronToolset.csproj]
G:\GitHub\Andastra\src\Tools\HolocronToolset\Editors\DLG\DLGStandardItem.cs(25,7): warning CS0105: The using directive for 'System.Windows.Controls' appeared previously in this namespace [G:\GitHub\Andastra\src\Tools\HolocronToolset\HolocronToolset.csproj]
G:\GitHub\Andastra\src\Tools\HolocronToolset\Editors\DLG\DLGStandardItem.cs(26,7): warning CS0105: The using directive for 'System.Windows.Data' appeared previously in this namespace [G:\GitHub\Andastra\src\Tools\HolocronToolset\HolocronToolset.csproj]
G:\GitHub\Andastra\src\Tools\HolocronToolset\Editors\DLG\DLGStandardItem.cs(27,7): warning CS0105: The using directive for 'System.Windows.Documents' appeared previously in this namespace [G:\GitHub\Andastra\src\Tools\HolocronToolset\HolocronToolset.csproj]
G:\GitHub\Andastra\src\Tools\HolocronToolset\Editors\GFFEditor.cs(14,7): warning CS0105: The using directive for 'BioWare.NET.Common' appeared previously in this namespace [G:\GitHub\Andastra\src\Tools\HolocronToolset\HolocronToolset.csproj]
G:\GitHub\Andastra\src\Tools\HolocronToolset\Editors\GITEditor.cs(8,7): warning CS0105: The using directive for 'BioWare.NET.Common' appeared previously in this namespace [G:\GitHub\Andastra\src\Tools\HolocronToolset\HolocronToolset.csproj]
G:\GitHub\Andastra\src\Tools\HolocronToolset\Editors\IFOEditor.cs(10,7): warning CS0105: The using directive for 'BioWare.NET.Common' appeared previously in this namespace [G:\GitHub\Andastra\src\Tools\HolocronToolset\HolocronToolset.csproj]
G:\GitHub\Andastra\src\Tools\HolocronToolset\Editors\JRLEditor.cs(10,7): warning CS0105: The using directive for 'BioWare.NET.Common' appeared previously in this namespace [G:\GitHub\Andastra\src\Tools\HolocronToolset\HolocronToolset.csproj]
G:\GitHub\Andastra\src\Tools\HolocronToolset\Editors\LYTEditor.cs(18,29): error CS0234: The type or namespace name 'Utility' does not exist in the namespace 'Andastra' (are you missing an assembly reference?) [G:\GitHub\Andastra\src\Tools\HolocronToolset\HolocronToolset.csproj]
G:\GitHub\Andastra\src\Tools\HolocronToolset\Editors\MDLEditor.cs(10,19): error CS0234: The type or namespace name 'Installation' does not exist in the namespace 'BioWare.NET' (are you missing an assembly reference?) [G:\GitHub\Andastra\src\Tools\HolocronToolset\HolocronToolset.csproj]
G:\GitHub\Andastra\src\Tools\HolocronToolset\Editors\NSSEditor.cs(17,36): error CS0234: The type or namespace name 'Capsule' does not exist in the namespace 'BioWare.NET.Resource.Formats' (are you missing an assembly reference?) [G:\GitHub\Andastra\src\Tools\HolocronToolset\HolocronToolset.csproj]
G:\GitHub\Andastra\src\Tools\HolocronToolset\Editors\TLKEditor.cs(15,7): error CS0138: A 'using namespace' directive can only be applied to namespaces; 'Window' is a type not a namespace. Consider a 'using static' directive instead [G:\GitHub\Andastra\src\Tools\HolocronToolset\HolocronToolset.csproj]
G:\GitHub\Andastra\src\Tools\HolocronToolset\Editors\TLKEditor.cs(18,7): error CS0138: A 'using namespace' directive can only be applied to namespaces; 'Language' is a type not a namespace. Consider a 'using static' directive instead [G:\GitHub\Andastra\src\Tools\HolocronToolset\HolocronToolset.csproj]
G:\GitHub\Andastra\src\Tools\HolocronToolset\Editors\TLKEditor.cs(20,7): warning CS0105: The using directive for 'BioWare.NET.Common' appeared previously in this namespace [G:\GitHub\Andastra\src\Tools\HolocronToolset\HolocronToolset.csproj]
G:\GitHub\Andastra\src\Tools\HolocronToolset\Editors\UTCEditor.cs(5,19): error CS0234: The type or namespace name 'Installation' does not exist in the namespace 'BioWare.NET' (are you missing an assembly reference?) [G:\GitHub\Andastra\src\Tools\HolocronToolset\HolocronToolset.csproj]
G:\GitHub\Andastra\src\Tools\HolocronToolset\Editors\UTCEditor.cs(18,7): warning CS0105: The using directive for 'BioWare.NET.Common' appeared previously in this namespace [G:\GitHub\Andastra\src\Tools\HolocronToolset\HolocronToolset.csproj]
G:\GitHub\Andastra\src\Tools\HolocronToolset\Editors\UTCEditor.cs(29,36): error CS0234: The type or namespace name 'Capsule' does not exist in the namespace 'BioWare.NET.Resource.Formats' (are you missing an assembly reference?) [G:\GitHub\Andastra\src\Tools\HolocronToolset\HolocronToolset.csproj]
G:\GitHub\Andastra\src\Tools\HolocronToolset\Editors\UTDEditor.cs(12,7): warning CS0105: The using directive for 'BioWare.NET.Common' appeared previously in this namespace [G:\GitHub\Andastra\src\Tools\HolocronToolset\HolocronToolset.csproj]
G:\GitHub\Andastra\src\Tools\HolocronToolset\Editors\UTEEditor.cs(15,7): warning CS0105: The using directive for 'BioWare.NET.Common' appeared previously in this namespace [G:\GitHub\Andastra\src\Tools\HolocronToolset\HolocronToolset.csproj]
G:\GitHub\Andastra\src\Tools\HolocronToolset\Editors\UTIEditor.cs(13,7): warning CS0105: The using directive for 'BioWare.NET.Common' appeared previously in this namespace [G:\GitHub\Andastra\src\Tools\HolocronToolset\HolocronToolset.csproj]
G:\GitHub\Andastra\src\Tools\HolocronToolset\Editors\UTMEditor.cs(10,36): error CS0234: The type or namespace name 'Capsule' does not exist in the namespace 'BioWare.NET.Resource.Formats' (are you missing an assembly reference?) [G:\GitHub\Andastra\src\Tools\HolocronToolset\HolocronToolset.csproj]
G:\GitHub\Andastra\src\Tools\HolocronToolset\Editors\UTMEditor.cs(12,7): warning CS0105: The using directive for 'BioWare.NET.Common' appeared previously in this namespace [G:\GitHub\Andastra\src\Tools\HolocronToolset\HolocronToolset.csproj]
G:\GitHub\Andastra\src\Tools\HolocronToolset\Editors\UTPEditor.cs(14,7): warning CS0105: The using directive for 'BioWare.NET.Common' appeared previously in this namespace [G:\GitHub\Andastra\src\Tools\HolocronToolset\HolocronToolset.csproj]
G:\GitHub\Andastra\src\Tools\HolocronToolset\Editors\UTPEditor.cs(18,36): error CS0234: The type or namespace name 'Capsule' does not exist in the namespace 'BioWare.NET.Resource.Formats' (are you missing an assembly reference?) [G:\GitHub\Andastra\src\Tools\HolocronToolset\HolocronToolset.csproj]
G:\GitHub\Andastra\src\Tools\HolocronToolset\Editors\UTSEditor.cs(7,19): error CS0234: The type or namespace name 'Installation' does not exist in the namespace 'BioWare.NET' (are you missing an assembly reference?) [G:\GitHub\Andastra\src\Tools\HolocronToolset\HolocronToolset.csproj]
G:\GitHub\Andastra\src\Tools\HolocronToolset\Editors\UTSEditor.cs(15,7): warning CS0105: The using directive for 'BioWare.NET.Common' appeared previously in this namespace [G:\GitHub\Andastra\src\Tools\HolocronToolset\HolocronToolset.csproj]
G:\GitHub\Andastra\src\Tools\HolocronToolset\Editors\UTTEditor.cs(11,7): warning CS0105: The using directive for 'BioWare.NET.Common' appeared previously in this namespace [G:\GitHub\Andastra\src\Tools\HolocronToolset\HolocronToolset.csproj]
G:\GitHub\Andastra\src\Tools\HolocronToolset\Editors\UTWEditor.cs(7,7): warning CS0105: The using directive for 'BioWare.NET.Common' appeared previously in this namespace [G:\GitHub\Andastra\src\Tools\HolocronToolset\HolocronToolset.csproj]
G:\GitHub\Andastra\src\Tools\HolocronToolset\Widgets\Edit\ColorEdit.cs(9,39): error CS0234: The type or namespace name 'ParsingColor' does not exist in the namespace 'BioWare.NET.Common' (are you missing an assembly reference?) [G:\GitHub\Andastra\src\Tools\HolocronToolset\HolocronToolset.csproj]
G:\GitHub\Andastra\src\Tools\HolocronToolset\Widgets\Settings\GITSettingsWidget.cs(12,39): error CS0234: The type or namespace name 'ParsingColor' does not exist in the namespace 'BioWare.NET.Common' (are you missing an assembly reference?) [G:\GitHub\Andastra\src\Tools\HolocronToolset\HolocronToolset.csproj]
G:\GitHub\Andastra\src\Tools\HolocronToolset\Widgets\Settings\SettingsWidget.cs(11,16): error CS0234: The type or namespace name 'Utility' does not exist in the namespace 'Andastra' (are you missing an assembly reference?) [G:\GitHub\Andastra\src\Tools\HolocronToolset\HolocronToolset.csproj]
G:\GitHub\Andastra\src\Tools\HolocronToolset\Widgets\TextureLoader.cs(7,19): error CS0234: The type or namespace name 'Installation' does not exist in the namespace 'BioWare.NET' (are you missing an assembly reference?) [G:\GitHub\Andastra\src\Tools\HolocronToolset\HolocronToolset.csproj]
G:\GitHub\Andastra\src\Tools\HolocronToolset\Windows\MainWindow.axaml.cs(8,19): error CS0234: The type or namespace name 'Installation' does not exist in the namespace 'BioWare.NET' (are you missing an assembly reference?) [G:\GitHub\Andastra\src\Tools\HolocronToolset\HolocronToolset.csproj]
G:\GitHub\Andastra\src\Tools\HolocronToolset\Windows\ModuleDesignerWindow.cs(12,19): error CS0234: The type or namespace name 'Installation' does not exist in the namespace 'BioWare.NET' (are you missing an assembly reference?) [G:\GitHub\Andastra\src\Tools\HolocronToolset\HolocronToolset.csproj]
G:\GitHub\Andastra\src\Tools\HolocronToolset\Windows\ModuleDesignerWindow.cs(13,7): warning CS0105: The using directive for 'BioWare.NET.Common' appeared previously in this namespace [G:\GitHub\Andastra\src\Tools\HolocronToolset\HolocronToolset.csproj]
G:\GitHub\Andastra\src\Tools\HolocronToolset\Editors\Actions\AddChildToItemAction.cs(10,41): error CS0246: The type or namespace name 'IDLGAction' could not be found (are you missing a using directive or an assembly reference?) [G:\GitHub\Andastra\src\Tools\HolocronToolset\HolocronToolset.csproj]
G:\GitHub\Andastra\src\Tools\HolocronToolset\Editors\Actions\AddChildToItemAction.cs(12,26): error CS0246: The type or namespace name 'DLGStandardItem' could not be found (are you missing a using directive or an assembly reference?) [G:\GitHub\Andastra\src\Tools\HolocronToolset\HolocronToolset.csproj]
G:\GitHub\Andastra\src\Tools\HolocronToolset\Editors\Actions\AddChildToItemAction.cs(13,17): error CS0246: The type or namespace name 'DLGStandardItem' could not be found (are you missing a using directive or an assembly reference?) [G:\GitHub\Andastra\src\Tools\HolocronToolset\HolocronToolset.csproj]
G:\GitHub\Andastra\src\Tools\HolocronToolset\Editors\Actions\AddChildToItemAction.cs(17,37): error CS0246: The type or namespace name 'DLGStandardItem' could not be found (are you missing a using directive or an assembly reference?) [G:\GitHub\Andastra\src\Tools\HolocronToolset\HolocronToolset.csproj]
G:\GitHub\Andastra\src\Tools\HolocronToolset\Editors\Actions\AddChildToItemAction.cs(23,27): error CS0246: The type or namespace name 'DLGEditor' could not be found (are you missing a using directive or an assembly reference?) [G:\GitHub\Andastra\src\Tools\HolocronToolset\HolocronToolset.csproj]
G:\GitHub\Andastra\src\Tools\HolocronToolset\Editors\Actions\AddChildToItemAction.cs(48,26): error CS0246: The type or namespace name 'DLGEditor' could not be found (are you missing a using directive or an assembly reference?) [G:\GitHub\Andastra\src\Tools\HolocronToolset\HolocronToolset.csproj]
G:\GitHub\Andastra\src\Tools\HolocronToolset\Editors\Actions\AddChildToItemAction.cs(75,16): error CS0246: The type or namespace name 'DLGStandardItem' could not be found (are you missing a using directive or an assembly reference?) [G:\GitHub\Andastra\src\Tools\HolocronToolset\HolocronToolset.csproj]
G:\GitHub\Andastra\src\Tools\HolocronToolset\Editors\Actions\AddChildToItemAction.cs(76,16): error CS0246: The type or namespace name 'DLGStandardItem' could not be found (are you missing a using directive or an assembly reference?) [G:\GitHub\Andastra\src\Tools\HolocronToolset\HolocronToolset.csproj]
G:\GitHub\Andastra\src\Tools\HolocronToolset\Editors\Actions\AddStarterAction.cs(8,37): error CS0246: The type or namespace name 'IDLGAction' could not be found (are you missing a using directive or an assembly reference?) [G:\GitHub\Andastra\src\Tools\HolocronToolset\HolocronToolset.csproj]
G:\GitHub\Andastra\src\Tools\HolocronToolset\Editors\Actions\AddStarterAction.cs(19,27): error CS0246: The type or namespace name 'DLGEditor' could not be found (are you missing a using directive or an assembly reference?) [G:\GitHub\Andastra\src\Tools\HolocronToolset\HolocronToolset.csproj]
G:\GitHub\Andastra\src\Tools\HolocronToolset\Editors\Actions\AddStarterAction.cs(31,26): error CS0246: The type or namespace name 'DLGEditor' could not be found (are you missing a using directive or an assembly reference?) [G:\GitHub\Andastra\src\Tools\HolocronToolset\HolocronToolset.csproj]
G:\GitHub\Andastra\src\Tools\HolocronToolset\Data\IndoorMap.cs(100,16): error CS0246: The type or namespace name 'ParsingColor' could not be found (are you missing a using directive or an assembly reference?) [G:\GitHub\Andastra\src\Tools\HolocronToolset\HolocronToolset.csproj]
G:\GitHub\Andastra\src\Tools\HolocronToolset\Editors\Actions\MoveStarterAction.cs(8,38): error CS0246: The type or namespace name 'IDLGAction' could not be found (are you missing a using directive or an assembly reference?) [G:\GitHub\Andastra\src\Tools\HolocronToolset\HolocronToolset.csproj]
G:\GitHub\Andastra\src\Tools\HolocronToolset\Editors\Actions\MoveStarterAction.cs(21,27): error CS0246: The type or namespace name 'DLGEditor' could not be found (are you missing a using directive or an assembly reference?) [G:\GitHub\Andastra\src\Tools\HolocronToolset\HolocronToolset.csproj]
G:\GitHub\Andastra\src\Tools\HolocronToolset\Editors\Actions\MoveStarterAction.cs(36,26): error CS0246: The type or namespace name 'DLGEditor' could not be found (are you missing a using directive or an assembly reference?) [G:\GitHub\Andastra\src\Tools\HolocronToolset\HolocronToolset.csproj]
G:\GitHub\Andastra\src\Tools\HolocronToolset\Editors\Actions\RemoveStarterAction.cs(8,40): error CS0246: The type or namespace name 'IDLGAction' could not be found (are you missing a using directive or an assembly reference?) [G:\GitHub\Andastra\src\Tools\HolocronToolset\HolocronToolset.csproj]
G:\GitHub\Andastra\src\Tools\HolocronToolset\Editors\Actions\RemoveStarterAction.cs(19,27): error CS0246: The type or namespace name 'DLGEditor' could not be found (are you missing a using directive or an assembly reference?) [G:\GitHub\Andastra\src\Tools\HolocronToolset\HolocronToolset.csproj]
G:\GitHub\Andastra\src\Tools\HolocronToolset\Editors\Actions\RemoveStarterAction.cs(31,26): error CS0246: The type or namespace name 'DLGEditor' could not be found (are you missing a using directive or an assembly reference?) [G:\GitHub\Andastra\src\Tools\HolocronToolset\HolocronToolset.csproj]
G:\GitHub\Andastra\src\Tools\HolocronToolset\Data\IndoorMap.cs(82,13): error CS0246: The type or namespace name 'ParsingColor' could not be found (are you missing a using directive or an assembly reference?) [G:\GitHub\Andastra\src\Tools\HolocronToolset\HolocronToolset.csproj]
G:\GitHub\Andastra\src\Tools\HolocronToolset\Widgets\TextureLoader.cs(194,44): error CS0246: The type or namespace name 'Installation' could not be found (are you missing a using directive or an assembly reference?) [G:\GitHub\Andastra\src\Tools\HolocronToolset\HolocronToolset.csproj]
G:\GitHub\Andastra\src\Tools\HolocronToolset\Widgets\TextureLoader.cs(55,17): error CS0246: The type or namespace name 'Installation' could not be found (are you missing a using directive or an assembly reference?) [G:\GitHub\Andastra\src\Tools\HolocronToolset\HolocronToolset.csproj]
G:\GitHub\Andastra\src\Tools\HolocronToolset\Editors\DLG\DLGEditor.cs(3932,48): error CS0246: The type or namespace name 'SearchLocation' could not be found (are you missing a using directive or an assembly reference?) [G:\GitHub\Andastra\src\Tools\HolocronToolset\HolocronToolset.csproj]
G:\GitHub\Andastra\src\Tools\HolocronToolset\Editors\UTEEditor.cs(457,74): error CS0234: The type or namespace name 'ResourceType' does not exist in the namespace 'HolocronToolset.Common' (are you missing an assembly reference?) [G:\GitHub\Andastra\src\Tools\HolocronToolset\HolocronToolset.csproj]
G:\GitHub\Andastra\src\Tools\HolocronToolset\Dialogs\LoadFromModuleDialog.axaml.cs(29,37): error CS0246: The type or namespace name 'Capsule' could not be found (are you missing a using directive or an assembly reference?) [G:\GitHub\Andastra\src\Tools\HolocronToolset\HolocronToolset.csproj]
G:\GitHub\Andastra\src\Tools\HolocronToolset\Dialogs\InventoryDialog.cs(47,18): error CS0246: The type or namespace name 'Capsule' could not be found (are you missing a using directive or an assembly reference?) [G:\GitHub\Andastra\src\Tools\HolocronToolset\HolocronToolset.csproj]
G:\GitHub\Andastra\src\Tools\HolocronToolset\Editors\LYTEditor.cs(1782,30): error CS0118: 'LYT' is a namespace but is used like a type [G:\GitHub\Andastra\src\Tools\HolocronToolset\HolocronToolset.csproj]
G:\GitHub\Andastra\src\Tools\HolocronToolset\Editors\LYTEditor.cs(31,17): error CS0118: 'LYT' is a namespace but is used like a type [G:\GitHub\Andastra\src\Tools\HolocronToolset\HolocronToolset.csproj]
G:\GitHub\Andastra\src\Tools\HolocronToolset\Editors\LYT\LYTGraphicsScene.cs(168,33): error CS0115: 'LYTGraphicsItem.OnRender(DrawingContext)': no suitable method found to override [G:\GitHub\Andastra\src\Tools\HolocronToolset\HolocronToolset.csproj]
G:\GitHub\Andastra\src\Tools\HolocronToolset\Dialogs\SelectModuleDialog.axaml.cs(359,21): warning CS0108: 'SelectModuleDialog.ShowDialog(Window)' hides inherited member 'Window.ShowDialog(Window)'. Use the new keyword if hiding was intended. [G:\GitHub\Andastra\src\Tools\HolocronToolset\HolocronToolset.csproj]
G:\GitHub\Andastra\src\Tools\HolocronToolset\Dialogs\TSLPatchDataEditorDialog.cs(59,22): error CS0246: The type or namespace name 'Modifications2DA' could not be found (are you missing a using directive or an assembly reference?) [G:\GitHub\Andastra\src\Tools\HolocronToolset\HolocronToolset.csproj]

Build FAILED.

C:\Users\boden\.nuget\packages\monogame.content.builder.task\3.8.4.1\build\MonoGame.Content.Builder.Task.targets(113,5): warning : No Content References Found. Please make sure your .mgcb file has a build action of MonoGameContentReference [G:\GitHub\Andastra\src\Andastra\Graphics\Andastra.Graphics.csproj]
G:\GitHub\Andastra\src\Tools\HolocronToolset\Data\HTInstallation.cs(12,7): warning CS0105: The using directive for 'BioWare.NET.Common' appeared previously in this namespace [G:\GitHub\Andastra\src\Tools\HolocronToolset\HolocronToolset.csproj]
G:\GitHub\Andastra\src\Tools\HolocronToolset\Data\IndoorKit.cs(9,7): warning CS0105: The using directive for 'BioWare.NET.Common' appeared previously in this namespace [G:\GitHub\Andastra\src\Tools\HolocronToolset\HolocronToolset.csproj]
G:\GitHub\Andastra\src\Tools\HolocronToolset\Data\IndoorMap.cs(10,7): warning CS0105: The using directive for 'BioWare.NET.Common' appeared previously in this namespace [G:\GitHub\Andastra\src\Tools\HolocronToolset\HolocronToolset.csproj]
G:\GitHub\Andastra\src\Tools\HolocronToolset\Dialogs\InsertInstanceDialog.cs(8,7): warning CS0105: The using directive for 'BioWare.NET.Common' appeared previously in this namespace [G:\GitHub\Andastra\src\Tools\HolocronToolset\HolocronToolset.csproj]
G:\GitHub\Andastra\src\Tools\HolocronToolset\Dialogs\InventoryDialog.cs(17,7): warning CS0105: The using directive for 'BioWare.NET.Common' appeared previously in this namespace [G:\GitHub\Andastra\src\Tools\HolocronToolset\HolocronToolset.csproj]
G:\GitHub\Andastra\src\Tools\HolocronToolset\Dialogs\LocalizedStringDialog.axaml.cs(9,7): warning CS0105: The using directive for 'BioWare.NET.Common' appeared previously in this namespace [G:\GitHub\Andastra\src\Tools\HolocronToolset\HolocronToolset.csproj]
G:\GitHub\Andastra\src\Tools\HolocronToolset\Editors\AREEditor.cs(14,7): warning CS0105: The using directive for 'BioWare.NET.Common' appeared previously in this namespace [G:\GitHub\Andastra\src\Tools\HolocronToolset\HolocronToolset.csproj]
G:\GitHub\Andastra\src\Tools\HolocronToolset\Editors\BWMEditor.cs(5,7): warning CS0105: The using directive for 'BioWare.NET.Common' appeared previously in this namespace [G:\GitHub\Andastra\src\Tools\HolocronToolset\HolocronToolset.csproj]
G:\GitHub\Andastra\src\Tools\HolocronToolset\Editors\DLG\DLGEditor.cs(18,7): warning CS0105: The using directive for 'BioWare.NET.Common' appeared previously in this namespace [G:\GitHub\Andastra\src\Tools\HolocronToolset\HolocronToolset.csproj]
G:\GitHub\Andastra\src\Tools\HolocronToolset\Editors\DLG\DLGStandardItem.cs(15,7): warning CS0105: The using directive for 'System.Windows.Threading' appeared previously in this namespace [G:\GitHub\Andastra\src\Tools\HolocronToolset\HolocronToolset.csproj]
G:\GitHub\Andastra\src\Tools\HolocronToolset\Editors\DLG\DLGStandardItem.cs(16,7): warning CS0105: The using directive for 'System.Windows.Controls' appeared previously in this namespace [G:\GitHub\Andastra\src\Tools\HolocronToolset\HolocronToolset.csproj]
G:\GitHub\Andastra\src\Tools\HolocronToolset\Editors\DLG\DLGStandardItem.cs(17,7): warning CS0105: The using directive for 'System.Windows.Data' appeared previously in this namespace [G:\GitHub\Andastra\src\Tools\HolocronToolset\HolocronToolset.csproj]
G:\GitHub\Andastra\src\Tools\HolocronToolset\Editors\DLG\DLGStandardItem.cs(18,7): warning CS0105: The using directive for 'System.Windows.Documents' appeared previously in this namespace [G:\GitHub\Andastra\src\Tools\HolocronToolset\HolocronToolset.csproj]
G:\GitHub\Andastra\src\Tools\HolocronToolset\Editors\DLG\DLGStandardItem.cs(19,7): warning CS0105: The using directive for 'System.Windows.Input' appeared previously in this namespace [G:\GitHub\Andastra\src\Tools\HolocronToolset\HolocronToolset.csproj]
G:\GitHub\Andastra\src\Tools\HolocronToolset\Editors\DLG\DLGStandardItem.cs(20,7): warning CS0105: The using directive for 'System.Windows.Media' appeared previously in this namespace [G:\GitHub\Andastra\src\Tools\HolocronToolset\HolocronToolset.csproj]
G:\GitHub\Andastra\src\Tools\HolocronToolset\Editors\DLG\DLGStandardItem.cs(21,7): warning CS0105: The using directive for 'System.Windows.Media.Imaging' appeared previously in this namespace [G:\GitHub\Andastra\src\Tools\HolocronToolset\HolocronToolset.csproj]
G:\GitHub\Andastra\src\Tools\HolocronToolset\Editors\DLG\DLGStandardItem.cs(22,7): warning CS0105: The using directive for 'System.Windows.Navigation' appeared previously in this namespace [G:\GitHub\Andastra\src\Tools\HolocronToolset\HolocronToolset.csproj]
G:\GitHub\Andastra\src\Tools\HolocronToolset\Editors\DLG\DLGStandardItem.cs(23,7): warning CS0105: The using directive for 'System.Windows.Shapes' appeared previously in this namespace [G:\GitHub\Andastra\src\Tools\HolocronToolset\HolocronToolset.csproj]
G:\GitHub\Andastra\src\Tools\HolocronToolset\Editors\DLG\DLGStandardItem.cs(24,7): warning CS0105: The using directive for 'System.Windows.Threading' appeared previously in this namespace [G:\GitHub\Andastra\src\Tools\HolocronToolset\HolocronToolset.csproj]
G:\GitHub\Andastra\src\Tools\HolocronToolset\Editors\DLG\DLGStandardItem.cs(25,7): warning CS0105: The using directive for 'System.Windows.Controls' appeared previously in this namespace [G:\GitHub\Andastra\src\Tools\HolocronToolset\HolocronToolset.csproj]
G:\GitHub\Andastra\src\Tools\HolocronToolset\Editors\DLG\DLGStandardItem.cs(26,7): warning CS0105: The using directive for 'System.Windows.Data' appeared previously in this namespace [G:\GitHub\Andastra\src\Tools\HolocronToolset\HolocronToolset.csproj]
G:\GitHub\Andastra\src\Tools\HolocronToolset\Editors\DLG\DLGStandardItem.cs(27,7): warning CS0105: The using directive for 'System.Windows.Documents' appeared previously in this namespace [G:\GitHub\Andastra\src\Tools\HolocronToolset\HolocronToolset.csproj]
G:\GitHub\Andastra\src\Tools\HolocronToolset\Editors\GFFEditor.cs(14,7): warning CS0105: The using directive for 'BioWare.NET.Common' appeared previously in this namespace [G:\GitHub\Andastra\src\Tools\HolocronToolset\HolocronToolset.csproj]
G:\GitHub\Andastra\src\Tools\HolocronToolset\Editors\GITEditor.cs(8,7): warning CS0105: The using directive for 'BioWare.NET.Common' appeared previously in this namespace [G:\GitHub\Andastra\src\Tools\HolocronToolset\HolocronToolset.csproj]
G:\GitHub\Andastra\src\Tools\HolocronToolset\Editors\IFOEditor.cs(10,7): warning CS0105: The using directive for 'BioWare.NET.Common' appeared previously in this namespace [G:\GitHub\Andastra\src\Tools\HolocronToolset\HolocronToolset.csproj]
G:\GitHub\Andastra\src\Tools\HolocronToolset\Editors\JRLEditor.cs(10,7): warning CS0105: The using directive for 'BioWare.NET.Common' appeared previously in this namespace [G:\GitHub\Andastra\src\Tools\HolocronToolset\HolocronToolset.csproj]
G:\GitHub\Andastra\src\Tools\HolocronToolset\Editors\TLKEditor.cs(20,7): warning CS0105: The using directive for 'BioWare.NET.Common' appeared previously in this namespace [G:\GitHub\Andastra\src\Tools\HolocronToolset\HolocronToolset.csproj]
G:\GitHub\Andastra\src\Tools\HolocronToolset\Editors\UTCEditor.cs(18,7): warning CS0105: The using directive for 'BioWare.NET.Common' appeared previously in this namespace [G:\GitHub\Andastra\src\Tools\HolocronToolset\HolocronToolset.csproj]
G:\GitHub\Andastra\src\Tools\HolocronToolset\Editors\UTDEditor.cs(12,7): warning CS0105: The using directive for 'BioWare.NET.Common' appeared previously in this namespace [G:\GitHub\Andastra\src\Tools\HolocronToolset\HolocronToolset.csproj]
G:\GitHub\Andastra\src\Tools\HolocronToolset\Editors\UTEEditor.cs(15,7): warning CS0105: The using directive for 'BioWare.NET.Common' appeared previously in this namespace [G:\GitHub\Andastra\src\Tools\HolocronToolset\HolocronToolset.csproj]
G:\GitHub\Andastra\src\Tools\HolocronToolset\Editors\UTIEditor.cs(13,7): warning CS0105: The using directive for 'BioWare.NET.Common' appeared previously in this namespace [G:\GitHub\Andastra\src\Tools\HolocronToolset\HolocronToolset.csproj]
G:\GitHub\Andastra\src\Tools\HolocronToolset\Editors\UTMEditor.cs(12,7): warning CS0105: The using directive for 'BioWare.NET.Common' appeared previously in this namespace [G:\GitHub\Andastra\src\Tools\HolocronToolset\HolocronToolset.csproj]
G:\GitHub\Andastra\src\Tools\HolocronToolset\Editors\UTPEditor.cs(14,7): warning CS0105: The using directive for 'BioWare.NET.Common' appeared previously in this namespace [G:\GitHub\Andastra\src\Tools\HolocronToolset\HolocronToolset.csproj]
G:\GitHub\Andastra\src\Tools\HolocronToolset\Editors\UTSEditor.cs(15,7): warning CS0105: The using directive for 'BioWare.NET.Common' appeared previously in this namespace [G:\GitHub\Andastra\src\Tools\HolocronToolset\HolocronToolset.csproj]
G:\GitHub\Andastra\src\Tools\HolocronToolset\Editors\UTTEditor.cs(11,7): warning CS0105: The using directive for 'BioWare.NET.Common' appeared previously in this namespace [G:\GitHub\Andastra\src\Tools\HolocronToolset\HolocronToolset.csproj]
G:\GitHub\Andastra\src\Tools\HolocronToolset\Editors\UTWEditor.cs(7,7): warning CS0105: The using directive for 'BioWare.NET.Common' appeared previously in this namespace [G:\GitHub\Andastra\src\Tools\HolocronToolset\HolocronToolset.csproj]
G:\GitHub\Andastra\src\Tools\HolocronToolset\Windows\ModuleDesignerWindow.cs(13,7): warning CS0105: The using directive for 'BioWare.NET.Common' appeared previously in this namespace [G:\GitHub\Andastra\src\Tools\HolocronToolset\HolocronToolset.csproj]
G:\GitHub\Andastra\src\Tools\HolocronToolset\Dialogs\SelectModuleDialog.axaml.cs(359,21): warning CS0108: 'SelectModuleDialog.ShowDialog(Window)' hides inherited member 'Window.ShowDialog(Window)'. Use the new keyword if hiding was intended. [G:\GitHub\Andastra\src\Tools\HolocronToolset\HolocronToolset.csproj]
G:\GitHub\Andastra\scripts\GenerateScriptDefs\Program.cs(583,29): error CS0246: The type or namespace name 'Game' could not be found (are you missing a using directive or an assembly reference?) [G:\GitHub\Andastra\scripts\GenerateScriptDefs\GenerateScriptDefs.csproj::TargetFramework=net9.0]
G:\GitHub\Andastra\src\Tools\HoloPatcher.UI\Core.cs(11,19): error CS0234: The type or namespace name 'Config' does not exist in the namespace 'BioWare.NET' (are you missing an assembly reference?) [G:\GitHub\Andastra\src\Tools\HoloPatcher.UI\HoloPatcher.UI.csproj]
G:\GitHub\Andastra\src\Tools\HoloPatcher.UI\Core.cs(12,19): error CS0234: The type or namespace name 'Installation' does not exist in the namespace 'BioWare.NET' (are you missing an assembly reference?) [G:\GitHub\Andastra\src\Tools\HoloPatcher.UI\HoloPatcher.UI.csproj]
G:\GitHub\Andastra\src\Tools\HoloPatcher.UI\Core.cs(14,19): error CS0234: The type or namespace name 'Namespaces' does not exist in the namespace 'BioWare.NET' (are you missing an assembly reference?) [G:\GitHub\Andastra\src\Tools\HoloPatcher.UI\HoloPatcher.UI.csproj]
G:\GitHub\Andastra\src\Tools\HoloPatcher.UI\Core.cs(16,19): error CS0234: The type or namespace name 'Reader' does not exist in the namespace 'BioWare.NET' (are you missing an assembly reference?) [G:\GitHub\Andastra\src\Tools\HoloPatcher.UI\HoloPatcher.UI.csproj]
G:\GitHub\Andastra\src\Tools\HoloPatcher.UI\ViewModels\MainWindowViewModel.cs(17,19): error CS0234: The type or namespace name 'Config' does not exist in the namespace 'BioWare.NET' (are you missing an assembly reference?) [G:\GitHub\Andastra\src\Tools\HoloPatcher.UI\HoloPatcher.UI.csproj]
G:\GitHub\Andastra\src\Tools\HoloPatcher.UI\ViewModels\MainWindowViewModel.cs(18,19): error CS0234: The type or namespace name 'Installation' does not exist in the namespace 'BioWare.NET' (are you missing an assembly reference?) [G:\GitHub\Andastra\src\Tools\HoloPatcher.UI\HoloPatcher.UI.csproj]
G:\GitHub\Andastra\src\Tools\HoloPatcher.UI\ViewModels\MainWindowViewModel.cs(20,19): error CS0234: The type or namespace name 'Namespaces' does not exist in the namespace 'BioWare.NET' (are you missing an assembly reference?) [G:\GitHub\Andastra\src\Tools\HoloPatcher.UI\HoloPatcher.UI.csproj]
G:\GitHub\Andastra\src\Tools\HoloPatcher.UI\ViewModels\MainWindowViewModel.cs(22,19): error CS0234: The type or namespace name 'Reader' does not exist in the namespace 'BioWare.NET' (are you missing an assembly reference?) [G:\GitHub\Andastra\src\Tools\HoloPatcher.UI\HoloPatcher.UI.csproj]
G:\GitHub\Andastra\src\Tools\HoloPatcher.UI\Core.cs(189,18): error CS0246: The type or namespace name 'PatcherNamespace' could not be found (are you missing a using directive or an assembly reference?) [G:\GitHub\Andastra\src\Tools\HoloPatcher.UI\HoloPatcher.UI.csproj]
G:\GitHub\Andastra\src\Tools\HoloPatcher.UI\Core.cs(191,25): error CS0246: The type or namespace name 'ConfigReader' could not be found (are you missing a using directive or an assembly reference?) [G:\GitHub\Andastra\src\Tools\HoloPatcher.UI\HoloPatcher.UI.csproj]
G:\GitHub\Andastra\src\Tools\HoloPatcher.UI\Core.cs(294,59): error CS0246: The type or namespace name 'PatcherNamespace' could not be found (are you missing a using directive or an assembly reference?) [G:\GitHub\Andastra\src\Tools\HoloPatcher.UI\HoloPatcher.UI.csproj]
G:\GitHub\Andastra\src\Tools\HoloPatcher.UI\ViewModels\MainWindowViewModel.cs(1393,16): error CS0246: The type or namespace name 'LogType' could not be found (are you missing a using directive or an assembly reference?) [G:\GitHub\Andastra\src\Tools\HoloPatcher.UI\HoloPatcher.UI.csproj]
G:\GitHub\Andastra\src\Tools\HoloPatcher.UI\ViewModels\MainWindowViewModel.cs(286,60): error CS0246: The type or namespace name 'PatchLog' could not be found (are you missing a using directive or an assembly reference?) [G:\GitHub\Andastra\src\Tools\HoloPatcher.UI\HoloPatcher.UI.csproj]
G:\GitHub\Andastra\src\Tools\HoloPatcher.UI\ViewModels\MainWindowViewModel.cs(291,36): error CS0246: The type or namespace name 'PatchLog' could not be found (are you missing a using directive or an assembly reference?) [G:\GitHub\Andastra\src\Tools\HoloPatcher.UI\HoloPatcher.UI.csproj]
G:\GitHub\Andastra\src\Tools\HoloPatcher.UI\ViewModels\MainWindowViewModel.cs(1396,50): error CS0246: The type or namespace name 'LogType' could not be found (are you missing a using directive or an assembly reference?) [G:\GitHub\Andastra\src\Tools\HoloPatcher.UI\HoloPatcher.UI.csproj]
G:\GitHub\Andastra\src\Tools\HoloPatcher.UI\Core.cs(334,18): error CS0246: The type or namespace name 'PatcherNamespace' could not be found (are you missing a using directive or an assembly reference?) [G:\GitHub\Andastra\src\Tools\HoloPatcher.UI\HoloPatcher.UI.csproj]
G:\GitHub\Andastra\src\Tools\HoloPatcher.UI\Core.cs(336,13): error CS0246: The type or namespace name 'PatchLogger' could not be found (are you missing a using directive or an assembly reference?) [G:\GitHub\Andastra\src\Tools\HoloPatcher.UI\HoloPatcher.UI.csproj]
G:\GitHub\Andastra\src\Tools\HoloPatcher.UI\Core.cs(384,18): error CS0246: The type or namespace name 'PatcherNamespace' could not be found (are you missing a using directive or an assembly reference?) [G:\GitHub\Andastra\src\Tools\HoloPatcher.UI\HoloPatcher.UI.csproj]
G:\GitHub\Andastra\src\Tools\HoloPatcher.UI\Core.cs(386,13): error CS0246: The type or namespace name 'PatchLogger' could not be found (are you missing a using directive or an assembly reference?) [G:\GitHub\Andastra\src\Tools\HoloPatcher.UI\HoloPatcher.UI.csproj]
G:\GitHub\Andastra\src\Tools\HoloPatcher.UI\Core.cs(408,13): error CS0246: The type or namespace name 'PatchLogger' could not be found (are you missing a using directive or an assembly reference?) [G:\GitHub\Andastra\src\Tools\HoloPatcher.UI\HoloPatcher.UI.csproj]
G:\GitHub\Andastra\src\Tools\HoloPatcher.UI\ViewModels\MainWindowViewModel.cs(326,44): error CS0246: The type or namespace name 'LogLevel' could not be found (are you missing a using directive or an assembly reference?) [G:\GitHub\Andastra\src\Tools\HoloPatcher.UI\HoloPatcher.UI.csproj]
G:\GitHub\Andastra\src\Tools\HoloPatcher.UI\ViewModels\MainWindowViewModel.cs(326,17): error CS0246: The type or namespace name 'LogType' could not be found (are you missing a using directive or an assembly reference?) [G:\GitHub\Andastra\src\Tools\HoloPatcher.UI\HoloPatcher.UI.csproj]
G:\GitHub\Andastra\src\Tools\HoloPatcher.UI\Core.cs(465,35): error CS0246: The type or namespace name 'BiowareGame' could not be found (are you missing a using directive or an assembly reference?) [G:\GitHub\Andastra\src\Tools\HoloPatcher.UI\HoloPatcher.UI.csproj]
G:\GitHub\Andastra\src\Tools\HoloPatcher.UI\ViewModels\MainWindowViewModel.cs(350,49): error CS0246: The type or namespace name 'LogType' could not be found (are you missing a using directive or an assembly reference?) [G:\GitHub\Andastra\src\Tools\HoloPatcher.UI\HoloPatcher.UI.csproj]
G:\GitHub\Andastra\src\Tools\HoloPatcher.UI\Core.cs(502,35): error CS0246: The type or namespace name 'BiowareGame' could not be found (are you missing a using directive or an assembly reference?) [G:\GitHub\Andastra\src\Tools\HoloPatcher.UI\HoloPatcher.UI.csproj]
G:\GitHub\Andastra\src\Tools\HoloPatcher.UI\ViewModels\MainWindowViewModel.cs(368,17): error CS0246: The type or namespace name 'LogType' could not be found (are you missing a using directive or an assembly reference?) [G:\GitHub\Andastra\src\Tools\HoloPatcher.UI\HoloPatcher.UI.csproj]
G:\GitHub\Andastra\src\Tools\HoloPatcher.UI\Core.cs(621,62): error CS0246: The type or namespace name 'BiowareGame' could not be found (are you missing a using directive or an assembly reference?) [G:\GitHub\Andastra\src\Tools\HoloPatcher.UI\HoloPatcher.UI.csproj]
G:\GitHub\Andastra\src\Tools\HoloPatcher.UI\Core.cs(95,25): error CS0246: The type or namespace name 'PatcherNamespace' could not be found (are you missing a using directive or an assembly reference?) [G:\GitHub\Andastra\src\Tools\HoloPatcher.UI\HoloPatcher.UI.csproj]
G:\GitHub\Andastra\src\Tools\HoloPatcher.UI\Core.cs(96,20): error CS0246: The type or namespace name 'ConfigReader' could not be found (are you missing a using directive or an assembly reference?) [G:\GitHub\Andastra\src\Tools\HoloPatcher.UI\HoloPatcher.UI.csproj]
G:\GitHub\Andastra\src\Tools\HoloPatcher.UI\ViewModels\MainWindowViewModel.cs(39,26): error CS0246: The type or namespace name 'PatchLogger' could not be found (are you missing a using directive or an assembly reference?) [G:\GitHub\Andastra\src\Tools\HoloPatcher.UI\HoloPatcher.UI.csproj]
G:\GitHub\Andastra\src\Tools\HoloPatcher.UI\Core.cs(104,20): error CS0246: The type or namespace name 'ConfigReader' could not be found (are you missing a using directive or an assembly reference?) [G:\GitHub\Andastra\src\Tools\HoloPatcher.UI\HoloPatcher.UI.csproj]
G:\GitHub\Andastra\src\Tools\HoloPatcher.UI\Core.cs(105,20): error CS0246: The type or namespace name 'LogLevel' could not be found (are you missing a using directive or an assembly reference?) [G:\GitHub\Andastra\src\Tools\HoloPatcher.UI\HoloPatcher.UI.csproj]
G:\GitHub\Andastra\src\Tools\HoloPatcher.UI\ViewModels\MainWindowViewModel.cs(221,22): error CS0246: The type or namespace name 'PatcherNamespace' could not be found (are you missing a using directive or an assembly reference?) [G:\GitHub\Andastra\src\Tools\HoloPatcher.UI\HoloPatcher.UI.csproj]
G:\GitHub\Andastra\src\Tools\HoloPatcher.UI\ViewModels\MainWindowViewModel.cs(225,17): error CS0246: The type or namespace name 'ConfigReader' could not be found (are you missing a using directive or an assembly reference?) [G:\GitHub\Andastra\src\Tools\HoloPatcher.UI\HoloPatcher.UI.csproj]
G:\GitHub\Andastra\src\Tools\HoloPatcher.UI\ViewModels\MainWindowViewModel.cs(226,17): error CS0246: The type or namespace name 'LogLevel' could not be found (are you missing a using directive or an assembly reference?) [G:\GitHub\Andastra\src\Tools\HoloPatcher.UI\HoloPatcher.UI.csproj]
G:\GitHub\Andastra\src\Tools\HoloPatcher.UI\ViewModels\MainWindowViewModel.cs(350,67): error CS0103: The name 'LogType' does not exist in the current context [G:\GitHub\Andastra\src\Tools\HoloPatcher.UI\HoloPatcher.UI.csproj]
G:\GitHub\Andastra\src\Tools\HolocronToolset\Data\GITSettings.cs(6,39): error CS0234: The type or namespace name 'ParsingColor' does not exist in the namespace 'BioWare.NET.Common' (are you missing an assembly reference?) [G:\GitHub\Andastra\src\Tools\HolocronToolset\HolocronToolset.csproj]
G:\GitHub\Andastra\src\Tools\HolocronToolset\Data\HTInstallation.cs(19,36): error CS0234: The type or namespace name 'Installation' does not exist in the namespace 'BioWare.NET' (are you missing an assembly reference?) [G:\GitHub\Andastra\src\Tools\HolocronToolset\HolocronToolset.csproj]
G:\GitHub\Andastra\src\Tools\HolocronToolset\Data\HTInstallation.cs(11,19): error CS0234: The type or namespace name 'Installation' does not exist in the namespace 'BioWare.NET' (are you missing an assembly reference?) [G:\GitHub\Andastra\src\Tools\HolocronToolset\HolocronToolset.csproj]
G:\GitHub\Andastra\src\Tools\HolocronToolset\Data\IndoorMap.cs(24,19): error CS0234: The type or namespace name 'Installation' does not exist in the namespace 'BioWare.NET' (are you missing an assembly reference?) [G:\GitHub\Andastra\src\Tools\HolocronToolset\HolocronToolset.csproj]
G:\GitHub\Andastra\src\Tools\HolocronToolset\Data\ModuleDesignerSettings.cs(5,39): error CS0234: The type or namespace name 'ParsingColor' does not exist in the namespace 'BioWare.NET.Common' (are you missing an assembly reference?) [G:\GitHub\Andastra\src\Tools\HolocronToolset\HolocronToolset.csproj]
G:\GitHub\Andastra\src\Tools\HolocronToolset\Dialogs\CloneModuleDialog.axaml.cs(8,19): error CS0234: The type or namespace name 'Installation' does not exist in the namespace 'BioWare.NET' (are you missing an assembly reference?) [G:\GitHub\Andastra\src\Tools\HolocronToolset\HolocronToolset.csproj]
G:\GitHub\Andastra\src\Tools\HolocronToolset\Dialogs\InventoryDialog.cs(13,36): error CS0234: The type or namespace name 'Capsule' does not exist in the namespace 'BioWare.NET.Resource.Formats' (are you missing an assembly reference?) [G:\GitHub\Andastra\src\Tools\HolocronToolset\HolocronToolset.csproj]
G:\GitHub\Andastra\src\Tools\HolocronToolset\Dialogs\LoadFromModuleDialog.axaml.cs(8,36): error CS0234: The type or namespace name 'Capsule' does not exist in the namespace 'BioWare.NET.Resource.Formats' (are you missing an assembly reference?) [G:\GitHub\Andastra\src\Tools\HolocronToolset\HolocronToolset.csproj]
G:\GitHub\Andastra\src\Tools\HolocronToolset\Editors\DLG\DLGEditor.cs(16,19): error CS0234: The type or namespace name 'Installation' does not exist in the namespace 'BioWare.NET' (are you missing an assembly reference?) [G:\GitHub\Andastra\src\Tools\HolocronToolset\HolocronToolset.csproj]
G:\GitHub\Andastra\src\Tools\HolocronToolset\Editors\LYTEditor.cs(18,29): error CS0234: The type or namespace name 'Utility' does not exist in the namespace 'Andastra' (are you missing an assembly reference?) [G:\GitHub\Andastra\src\Tools\HolocronToolset\HolocronToolset.csproj]
G:\GitHub\Andastra\src\Tools\HolocronToolset\Editors\MDLEditor.cs(10,19): error CS0234: The type or namespace name 'Installation' does not exist in the namespace 'BioWare.NET' (are you missing an assembly reference?) [G:\GitHub\Andastra\src\Tools\HolocronToolset\HolocronToolset.csproj]
G:\GitHub\Andastra\src\Tools\HolocronToolset\Editors\NSSEditor.cs(17,36): error CS0234: The type or namespace name 'Capsule' does not exist in the namespace 'BioWare.NET.Resource.Formats' (are you missing an assembly reference?) [G:\GitHub\Andastra\src\Tools\HolocronToolset\HolocronToolset.csproj]
G:\GitHub\Andastra\src\Tools\HolocronToolset\Editors\TLKEditor.cs(15,7): error CS0138: A 'using namespace' directive can only be applied to namespaces; 'Window' is a type not a namespace. Consider a 'using static' directive instead [G:\GitHub\Andastra\src\Tools\HolocronToolset\HolocronToolset.csproj]
G:\GitHub\Andastra\src\Tools\HolocronToolset\Editors\TLKEditor.cs(18,7): error CS0138: A 'using namespace' directive can only be applied to namespaces; 'Language' is a type not a namespace. Consider a 'using static' directive instead [G:\GitHub\Andastra\src\Tools\HolocronToolset\HolocronToolset.csproj]
G:\GitHub\Andastra\src\Tools\HolocronToolset\Editors\UTCEditor.cs(5,19): error CS0234: The type or namespace name 'Installation' does not exist in the namespace 'BioWare.NET' (are you missing an assembly reference?) [G:\GitHub\Andastra\src\Tools\HolocronToolset\HolocronToolset.csproj]
G:\GitHub\Andastra\src\Tools\HolocronToolset\Editors\UTCEditor.cs(29,36): error CS0234: The type or namespace name 'Capsule' does not exist in the namespace 'BioWare.NET.Resource.Formats' (are you missing an assembly reference?) [G:\GitHub\Andastra\src\Tools\HolocronToolset\HolocronToolset.csproj]
G:\GitHub\Andastra\src\Tools\HolocronToolset\Editors\UTMEditor.cs(10,36): error CS0234: The type or namespace name 'Capsule' does not exist in the namespace 'BioWare.NET.Resource.Formats' (are you missing an assembly reference?) [G:\GitHub\Andastra\src\Tools\HolocronToolset\HolocronToolset.csproj]
G:\GitHub\Andastra\src\Tools\HolocronToolset\Editors\UTPEditor.cs(18,36): error CS0234: The type or namespace name 'Capsule' does not exist in the namespace 'BioWare.NET.Resource.Formats' (are you missing an assembly reference?) [G:\GitHub\Andastra\src\Tools\HolocronToolset\HolocronToolset.csproj]
G:\GitHub\Andastra\src\Tools\HolocronToolset\Editors\UTSEditor.cs(7,19): error CS0234: The type or namespace name 'Installation' does not exist in the namespace 'BioWare.NET' (are you missing an assembly reference?) [G:\GitHub\Andastra\src\Tools\HolocronToolset\HolocronToolset.csproj]
G:\GitHub\Andastra\src\Tools\HolocronToolset\Widgets\Edit\ColorEdit.cs(9,39): error CS0234: The type or namespace name 'ParsingColor' does not exist in the namespace 'BioWare.NET.Common' (are you missing an assembly reference?) [G:\GitHub\Andastra\src\Tools\HolocronToolset\HolocronToolset.csproj]
G:\GitHub\Andastra\src\Tools\HolocronToolset\Widgets\Settings\GITSettingsWidget.cs(12,39): error CS0234: The type or namespace name 'ParsingColor' does not exist in the namespace 'BioWare.NET.Common' (are you missing an assembly reference?) [G:\GitHub\Andastra\src\Tools\HolocronToolset\HolocronToolset.csproj]
G:\GitHub\Andastra\src\Tools\HolocronToolset\Widgets\Settings\SettingsWidget.cs(11,16): error CS0234: The type or namespace name 'Utility' does not exist in the namespace 'Andastra' (are you missing an assembly reference?) [G:\GitHub\Andastra\src\Tools\HolocronToolset\HolocronToolset.csproj]
G:\GitHub\Andastra\src\Tools\HolocronToolset\Widgets\TextureLoader.cs(7,19): error CS0234: The type or namespace name 'Installation' does not exist in the namespace 'BioWare.NET' (are you missing an assembly reference?) [G:\GitHub\Andastra\src\Tools\HolocronToolset\HolocronToolset.csproj]
G:\GitHub\Andastra\src\Tools\HolocronToolset\Windows\MainWindow.axaml.cs(8,19): error CS0234: The type or namespace name 'Installation' does not exist in the namespace 'BioWare.NET' (are you missing an assembly reference?) [G:\GitHub\Andastra\src\Tools\HolocronToolset\HolocronToolset.csproj]
G:\GitHub\Andastra\src\Tools\HolocronToolset\Windows\ModuleDesignerWindow.cs(12,19): error CS0234: The type or namespace name 'Installation' does not exist in the namespace 'BioWare.NET' (are you missing an assembly reference?) [G:\GitHub\Andastra\src\Tools\HolocronToolset\HolocronToolset.csproj]
G:\GitHub\Andastra\src\Tools\HolocronToolset\Editors\Actions\AddChildToItemAction.cs(10,41): error CS0246: The type or namespace name 'IDLGAction' could not be found (are you missing a using directive or an assembly reference?) [G:\GitHub\Andastra\src\Tools\HolocronToolset\HolocronToolset.csproj]
G:\GitHub\Andastra\src\Tools\HolocronToolset\Editors\Actions\AddChildToItemAction.cs(12,26): error CS0246: The type or namespace name 'DLGStandardItem' could not be found (are you missing a using directive or an assembly reference?) [G:\GitHub\Andastra\src\Tools\HolocronToolset\HolocronToolset.csproj]
G:\GitHub\Andastra\src\Tools\HolocronToolset\Editors\Actions\AddChildToItemAction.cs(13,17): error CS0246: The type or namespace name 'DLGStandardItem' could not be found (are you missing a using directive or an assembly reference?) [G:\GitHub\Andastra\src\Tools\HolocronToolset\HolocronToolset.csproj]
G:\GitHub\Andastra\src\Tools\HolocronToolset\Editors\Actions\AddChildToItemAction.cs(17,37): error CS0246: The type or namespace name 'DLGStandardItem' could not be found (are you missing a using directive or an assembly reference?) [G:\GitHub\Andastra\src\Tools\HolocronToolset\HolocronToolset.csproj]
G:\GitHub\Andastra\src\Tools\HolocronToolset\Editors\Actions\AddChildToItemAction.cs(23,27): error CS0246: The type or namespace name 'DLGEditor' could not be found (are you missing a using directive or an assembly reference?) [G:\GitHub\Andastra\src\Tools\HolocronToolset\HolocronToolset.csproj]
G:\GitHub\Andastra\src\Tools\HolocronToolset\Editors\Actions\AddChildToItemAction.cs(48,26): error CS0246: The type or namespace name 'DLGEditor' could not be found (are you missing a using directive or an assembly reference?) [G:\GitHub\Andastra\src\Tools\HolocronToolset\HolocronToolset.csproj]
G:\GitHub\Andastra\src\Tools\HolocronToolset\Editors\Actions\AddChildToItemAction.cs(75,16): error CS0246: The type or namespace name 'DLGStandardItem' could not be found (are you missing a using directive or an assembly reference?) [G:\GitHub\Andastra\src\Tools\HolocronToolset\HolocronToolset.csproj]
G:\GitHub\Andastra\src\Tools\HolocronToolset\Editors\Actions\AddChildToItemAction.cs(76,16): error CS0246: The type or namespace name 'DLGStandardItem' could not be found (are you missing a using directive or an assembly reference?) [G:\GitHub\Andastra\src\Tools\HolocronToolset\HolocronToolset.csproj]
G:\GitHub\Andastra\src\Tools\HolocronToolset\Editors\Actions\AddStarterAction.cs(8,37): error CS0246: The type or namespace name 'IDLGAction' could not be found (are you missing a using directive or an assembly reference?) [G:\GitHub\Andastra\src\Tools\HolocronToolset\HolocronToolset.csproj]
G:\GitHub\Andastra\src\Tools\HolocronToolset\Editors\Actions\AddStarterAction.cs(19,27): error CS0246: The type or namespace name 'DLGEditor' could not be found (are you missing a using directive or an assembly reference?) [G:\GitHub\Andastra\src\Tools\HolocronToolset\HolocronToolset.csproj]
G:\GitHub\Andastra\src\Tools\HolocronToolset\Editors\Actions\AddStarterAction.cs(31,26): error CS0246: The type or namespace name 'DLGEditor' could not be found (are you missing a using directive or an assembly reference?) [G:\GitHub\Andastra\src\Tools\HolocronToolset\HolocronToolset.csproj]
G:\GitHub\Andastra\src\Tools\HolocronToolset\Data\IndoorMap.cs(100,16): error CS0246: The type or namespace name 'ParsingColor' could not be found (are you missing a using directive or an assembly reference?) [G:\GitHub\Andastra\src\Tools\HolocronToolset\HolocronToolset.csproj]
G:\GitHub\Andastra\src\Tools\HolocronToolset\Editors\Actions\MoveStarterAction.cs(8,38): error CS0246: The type or namespace name 'IDLGAction' could not be found (are you missing a using directive or an assembly reference?) [G:\GitHub\Andastra\src\Tools\HolocronToolset\HolocronToolset.csproj]
G:\GitHub\Andastra\src\Tools\HolocronToolset\Editors\Actions\MoveStarterAction.cs(21,27): error CS0246: The type or namespace name 'DLGEditor' could not be found (are you missing a using directive or an assembly reference?) [G:\GitHub\Andastra\src\Tools\HolocronToolset\HolocronToolset.csproj]
G:\GitHub\Andastra\src\Tools\HolocronToolset\Editors\Actions\MoveStarterAction.cs(36,26): error CS0246: The type or namespace name 'DLGEditor' could not be found (are you missing a using directive or an assembly reference?) [G:\GitHub\Andastra\src\Tools\HolocronToolset\HolocronToolset.csproj]
G:\GitHub\Andastra\src\Tools\HolocronToolset\Editors\Actions\RemoveStarterAction.cs(8,40): error CS0246: The type or namespace name 'IDLGAction' could not be found (are you missing a using directive or an assembly reference?) [G:\GitHub\Andastra\src\Tools\HolocronToolset\HolocronToolset.csproj]
G:\GitHub\Andastra\src\Tools\HolocronToolset\Editors\Actions\RemoveStarterAction.cs(19,27): error CS0246: The type or namespace name 'DLGEditor' could not be found (are you missing a using directive or an assembly reference?) [G:\GitHub\Andastra\src\Tools\HolocronToolset\HolocronToolset.csproj]
G:\GitHub\Andastra\src\Tools\HolocronToolset\Editors\Actions\RemoveStarterAction.cs(31,26): error CS0246: The type or namespace name 'DLGEditor' could not be found (are you missing a using directive or an assembly reference?) [G:\GitHub\Andastra\src\Tools\HolocronToolset\HolocronToolset.csproj]
G:\GitHub\Andastra\src\Tools\HolocronToolset\Data\IndoorMap.cs(82,13): error CS0246: The type or namespace name 'ParsingColor' could not be found (are you missing a using directive or an assembly reference?) [G:\GitHub\Andastra\src\Tools\HolocronToolset\HolocronToolset.csproj]
G:\GitHub\Andastra\src\Tools\HolocronToolset\Widgets\TextureLoader.cs(194,44): error CS0246: The type or namespace name 'Installation' could not be found (are you missing a using directive or an assembly reference?) [G:\GitHub\Andastra\src\Tools\HolocronToolset\HolocronToolset.csproj]
G:\GitHub\Andastra\src\Tools\HolocronToolset\Widgets\TextureLoader.cs(55,17): error CS0246: The type or namespace name 'Installation' could not be found (are you missing a using directive or an assembly reference?) [G:\GitHub\Andastra\src\Tools\HolocronToolset\HolocronToolset.csproj]
G:\GitHub\Andastra\src\Tools\HolocronToolset\Editors\DLG\DLGEditor.cs(3932,48): error CS0246: The type or namespace name 'SearchLocation' could not be found (are you missing a using directive or an assembly reference?) [G:\GitHub\Andastra\src\Tools\HolocronToolset\HolocronToolset.csproj]
G:\GitHub\Andastra\src\Tools\HolocronToolset\Editors\UTEEditor.cs(457,74): error CS0234: The type or namespace name 'ResourceType' does not exist in the namespace 'HolocronToolset.Common' (are you missing an assembly reference?) [G:\GitHub\Andastra\src\Tools\HolocronToolset\HolocronToolset.csproj]
G:\GitHub\Andastra\src\Tools\HolocronToolset\Dialogs\LoadFromModuleDialog.axaml.cs(29,37): error CS0246: The type or namespace name 'Capsule' could not be found (are you missing a using directive or an assembly reference?) [G:\GitHub\Andastra\src\Tools\HolocronToolset\HolocronToolset.csproj]
G:\GitHub\Andastra\src\Tools\HolocronToolset\Dialogs\InventoryDialog.cs(47,18): error CS0246: The type or namespace name 'Capsule' could not be found (are you missing a using directive or an assembly reference?) [G:\GitHub\Andastra\src\Tools\HolocronToolset\HolocronToolset.csproj]
G:\GitHub\Andastra\src\Tools\HolocronToolset\Editors\LYTEditor.cs(1782,30): error CS0118: 'LYT' is a namespace but is used like a type [G:\GitHub\Andastra\src\Tools\HolocronToolset\HolocronToolset.csproj]
G:\GitHub\Andastra\src\Tools\HolocronToolset\Editors\LYTEditor.cs(31,17): error CS0118: 'LYT' is a namespace but is used like a type [G:\GitHub\Andastra\src\Tools\HolocronToolset\HolocronToolset.csproj]
G:\GitHub\Andastra\src\Tools\HolocronToolset\Editors\LYT\LYTGraphicsScene.cs(168,33): error CS0115: 'LYTGraphicsItem.OnRender(DrawingContext)': no suitable method found to override [G:\GitHub\Andastra\src\Tools\HolocronToolset\HolocronToolset.csproj]
G:\GitHub\Andastra\src\Tools\HolocronToolset\Dialogs\TSLPatchDataEditorDialog.cs(59,22): error CS0246: The type or namespace name 'Modifications2DA' could not be found (are you missing a using directive or an assembly reference?) [G:\GitHub\Andastra\src\Tools\HolocronToolset\HolocronToolset.csproj]
    39 Warning(s)
    91 Error(s)

Time Elapsed 00:00:08.01
